../Drivers/BSP/Components/vl53l4cx/vl53l4cx.c:92:9:VL53L4CX_RegisterBusIO	24	static
../Drivers/BSP/Components/vl53l4cx/vl53l4cx.c:127:9:VL53L4CX_Init	24	static
../Drivers/BSP/Components/vl53l4cx/vl53l4cx.c:166:9:VL53L4CX_DeInit	24	static
../Drivers/BSP/Components/vl53l4cx/vl53l4cx.c:193:9:VL53L4CX_ReadID	24	static
../Drivers/BSP/Components/vl53l4cx/vl53l4cx.c:216:9:VL53L4CX_GetCapabilities	24	static
../Drivers/BSP/Components/vl53l4cx/vl53l4cx.c:244:9:VL53L4CX_ConfigProfile	24	static
../Drivers/BSP/Components/vl53l4cx/vl53l4cx.c:291:9:VL53L4CX_ConfigROI	24	static
../Drivers/BSP/Components/vl53l4cx/vl53l4cx.c:327:9:VL53L4CX_ConfigIT	16	static
../Drivers/BSP/Components/vl53l4cx/vl53l4cx.c:340:9:VL53L4CX_GetDistance	24	static
../Drivers/BSP/Components/vl53l4cx/vl53l4cx.c:393:9:VL53L4CX_Start	24	static
../Drivers/BSP/Components/vl53l4cx/vl53l4cx.c:453:9:VL53L4CX_Stop	24	static
../Drivers/BSP/Components/vl53l4cx/vl53l4cx.c:485:9:VL53L4CX_SetAddress	24	static
../Drivers/BSP/Components/vl53l4cx/vl53l4cx.c:512:9:VL53L4CX_GetAddress	24	static
../Drivers/BSP/Components/vl53l4cx/vl53l4cx.c:536:9:VL53L4CX_SetPowerMode	16	static
../Drivers/BSP/Components/vl53l4cx/vl53l4cx.c:550:9:VL53L4CX_GetPowerMode	16	static
../Drivers/BSP/Components/vl53l4cx/vl53l4cx.c:563:9:VL53L4CX_OffsetCalibration	24	static
../Drivers/BSP/Components/vl53l4cx/vl53l4cx.c:590:9:VL53L4CX_XTalkCalibration	24	static
../Drivers/BSP/Components/vl53l4cx/vl53l4cx.c:610:16:vl53l4cx_poll_for_measurement	24	static
../Drivers/BSP/Components/vl53l4cx/vl53l4cx.c:635:16:vl53l4cx_get_result	48	static
../Drivers/BSP/Components/vl53l4cx/vl53l4cx.c:720:9:TOF_WriteReg	24	static
../Drivers/BSP/Components/vl53l4cx/vl53l4cx.c:728:9:TOF_ReadReg	24	static
../Drivers/BSP/Components/vl53l4cx/vl53l4cx.c:736:9:TOF_GetTick	8	static
